  swept 01-line
  swept 02-diagonal
  swept 03-arc
  swept 04-s-curve
  swept 05-u-tight
  swept 06-loop
  swept 07-cap-round
  swept 08-cap-butt
  swept 09-cap-square
  swept 10-join-round
  swept 11-join-bevel
  swept 12-join-miter
  swept 13-x-separate
  swept 14-x-union
  swept 15-t-junction
  swept 16-y-junction
  swept 17-parallel-near
  swept 18-self-overlap
  swept 19-variable-width
  swept 20-noisy-boundary
wrote /home/user/center-line-tracing/debug/polygon-voronoi/sweep-synthetic.json (2000 rows)

### grid 'branch' (pygeoops.min_branch_length) -- median cl_hausdorff_p95 across 20 cases
    min_branch_length      0.05      0.15       0.5       1.5         4
                  -2     2.273     2.273     2.275     2.266     2.262
                  -1     2.273     2.273     2.275     2.266     2.262
                -0.5     2.408     2.403     2.504     2.495     2.277
               -0.25     2.947     2.947     3.042     3.093     3.124
                   0     2.408     2.403     2.599     2.638     2.675

### grid 'branch' (pygeoops.min_branch_length) -- median iou across 20 cases
    min_branch_length      0.05      0.15       0.5       1.5         4
                  -2     0.928     0.929     0.929     0.929     0.929
                  -1     0.928     0.929     0.929     0.929     0.929
                -0.5     0.928     0.929     0.929     0.929     0.929
               -0.25     0.928     0.933     0.935     0.935     0.933
                   0     0.957     0.957     0.959     0.959     0.952

### grid 'branch' (pygeoops.min_branch_length) -- median cx_edges across 20 cases
    min_branch_length      0.05      0.15       0.5       1.5         4
                  -2     1.000     1.000     1.000     1.000     1.000
                  -1     1.000     1.000     1.000     1.000     1.000
                -0.5     1.000     1.000     1.000     1.000     1.000
               -0.25     2.000     2.000     2.000     2.000     2.000
                   0     3.000     3.000     3.000     3.000     4.000

### grid 'branch' (pygeoops.min_branch_length) -- median s_per_element across 20 cases
    min_branch_length      0.05      0.15       0.5       1.5         4
                  -2     0.013     0.009     0.006     0.005     0.004
                  -1     0.014     0.008     0.006     0.005     0.004
                -0.5     0.014     0.008     0.006     0.005     0.004
               -0.25     0.014     0.008     0.007     0.005     0.004
                   0     0.013     0.007     0.006     0.005     0.004

### grid 'simplify' (pygeoops.simplifytolerance) -- median cl_hausdorff_p95 across 20 cases
    simplifytolerance      0.05      0.15       0.5       1.5         4
               -0.25     2.273     2.273     2.275     2.266     2.262
                -0.1     0.314     0.350     0.319     0.370     0.376
               -0.05     0.000     0.000     0.000     0.000     0.000
               -0.02     0.000     0.000     0.000     0.000     0.000
                   0     0.000     0.000     0.000     0.000     0.000

### grid 'simplify' (pygeoops.simplifytolerance) -- median iou across 20 cases
    simplifytolerance      0.05      0.15       0.5       1.5         4
               -0.25     0.928     0.929     0.929     0.929     0.929
                -0.1     0.967     0.973     0.975     0.975     0.960
               -0.05     0.993     0.993     0.994     0.994     0.977
               -0.02     0.996     0.994     0.996     0.995     0.981
                   0     0.997     0.998     0.996     0.995     0.984

### grid 'simplify' (pygeoops.simplifytolerance) -- median cx_edges across 20 cases
    simplifytolerance      0.05      0.15       0.5       1.5         4
               -0.25     1.000     1.000     1.000     1.000     1.000
                -0.1     1.000     1.000     1.000     1.000     1.000
               -0.05     1.000     1.000     1.000     1.000     1.000
               -0.02     1.000     1.000     1.000     1.000     1.000
                   0     1.000     1.000     1.000     1.000     1.000

### grid 'simplify' (pygeoops.simplifytolerance) -- median s_per_element across 20 cases
    simplifytolerance      0.05      0.15       0.5       1.5         4
               -0.25     0.013     0.008     0.006     0.005     0.004
                -0.1     0.013     0.008     0.006     0.005     0.005
               -0.05     0.013     0.008     0.006     0.006     0.004
               -0.02     0.012     0.008     0.006     0.005     0.004
                   0     0.013     0.008     0.008     0.005     0.004

### grid 'densify' (pygeoops.densify_distance) -- median cl_hausdorff_p95 across 20 cases
    densify_distance      0.05      0.15       0.5       1.5         4
                  -1     0.586     0.623     0.529     0.487     0.746
                -0.5     0.000     0.000     0.000     0.000     0.000
               -0.25     0.000     0.000     0.000     0.000     0.000
                -0.1     0.324     0.324     0.353     0.353     0.690
                   0     0.274     0.274     0.233     0.261     0.902

### grid 'densify' (pygeoops.densify_distance) -- median iou across 20 cases
    densify_distance      0.05      0.15       0.5       1.5         4
                  -1     0.963     0.965     0.968     0.967     0.963
                -0.5     0.993     0.993     0.994     0.994     0.977
               -0.25     0.992     0.992     0.992     0.992     0.977
                -0.1     0.990     0.990     0.988     0.990     0.978
                   0     0.958     0.962     0.962     0.942     0.914

### grid 'densify' (pygeoops.densify_distance) -- median cx_edges across 20 cases
    densify_distance      0.05      0.15       0.5       1.5         4
                  -1     1.000     1.000     1.000     1.000     1.000
                -0.5     1.000     1.000     1.000     1.000     1.000
               -0.25     1.000     1.000     1.000     1.000     1.000
                -0.1     1.000     1.000     1.000     1.000     1.000
                   0     1.000     1.000     1.000     1.000     1.000

### grid 'densify' (pygeoops.densify_distance) -- median s_per_element across 20 cases
    densify_distance      0.05      0.15       0.5       1.5         4
                  -1     0.013     0.007     0.004     0.004     0.003
                -0.5     0.013     0.008     0.006     0.005     0.004
               -0.25     0.020     0.014     0.013     0.009     0.009
                -0.1     0.054     0.032     0.021     0.018     0.010
                   0     0.011     0.006     0.003     0.003     0.002

### grid 'interp' (fitodic.interpolation_distance) -- median cl_hausdorff_p95 across 20 cases
    interpolation_distance      0.05      0.15       0.5       1.5         4
                0.25     7.251     7.915     7.886     7.137     6.376
                 0.5     3.942     6.342     6.385     6.240     5.612
                   1     0.104     2.780     4.434     4.275     4.146
                   2     0.042     0.087     1.083     1.787     2.327
                   4     0.085     0.095     0.200     0.611     1.945

### grid 'interp' (fitodic.interpolation_distance) -- median iou across 20 cases
    interpolation_distance      0.05      0.15       0.5       1.5         4
                0.25     0.947     0.929     0.929     0.932     0.932
                 0.5     0.973     0.962     0.937     0.934     0.933
                   1     0.994     0.975     0.964     0.940     0.937
                   2     0.998     0.995     0.979     0.959     0.948
                   4     0.997     0.996     0.989     0.978     0.962

### grid 'interp' (fitodic.interpolation_distance) -- median cx_edges across 20 cases
    interpolation_distance      0.05      0.15       0.5       1.5         4
                0.25   133.500   115.500    66.500    40.000    23.000
                 0.5   130.000    81.500    66.500    40.000    23.000
                   1    54.500    67.000    40.500    40.000    23.000
                   2    17.000    16.500    27.000    19.500    18.500
                   4     9.000     7.000    12.000    15.000    15.000

### grid 'interp' (fitodic.interpolation_distance) -- median s_per_element across 20 cases
    interpolation_distance      0.05      0.15       0.5       1.5         4
                0.25     0.553     0.534     0.534     0.534     0.544
                 0.5     0.232     0.248     0.227     0.229     0.245
                   1     0.103     0.102     0.098     0.101     0.100
                   2     0.050     0.048     0.047     0.052     0.049
                   4     0.025     0.024     0.024     0.024     0.025
