  house-wide / branch0 done
  house-wide / simplify done
  house-wide / extend done
  house-wide / interp done
  butterfly-wide / branch0 done
  butterfly-wide / simplify done
  butterfly-wide / extend done
  butterfly-wide / interp done
  dinosaur-wide / branch0 done
  dinosaur-wide / simplify done
  dinosaur-wide / extend done
  dinosaur-wide / interp done
  landscape-square / branch0 done
  landscape-square / simplify done
  landscape-square / extend done
  landscape-square / interp done
  sun-square / branch0 done
  sun-square / simplify done
  sun-square / extend done
  sun-square / interp done
wrote /home/user/center-line-tracing/debug/polygon-voronoi/sweep-real.json (340 rows)

### grid 'branch0' (pygeoops.min_branch_length) -- median iou across 5 cases
    min_branch_length       0.1      0.25      0.75         2
                  -2     0.952     0.951     0.944     0.918
                  -1     0.960     0.958     0.946     0.920
                -0.5     0.962     0.959     0.950     0.928
               -0.25     0.962     0.961     0.956     0.927
                   0     0.963     0.962     0.957     0.932

### grid 'branch0' (pygeoops.min_branch_length) -- median symdiff_frac across 5 cases
    min_branch_length       0.1      0.25      0.75         2
                  -2     0.049     0.050     0.057     0.086
                  -1     0.041     0.042     0.054     0.082
                -0.5     0.039     0.042     0.051     0.075
               -0.25     0.039     0.040     0.045     0.076
                   0     0.038     0.039     0.044     0.071

### grid 'branch0' (pygeoops.min_branch_length) -- median cx_edges across 5 cases
    min_branch_length       0.1      0.25      0.75         2
                  -2    30.000    30.000    30.000    30.000
                  -1    37.000    37.000    37.000    37.000
                -0.5    41.000    39.000    37.000    60.000
               -0.25   123.000   119.000   117.000   131.000
                   0   227.000   213.000   201.000   239.000

### grid 'branch0' (pygeoops.min_branch_length) -- median cx_terminals across 5 cases
    min_branch_length       0.1      0.25      0.75         2
                  -2    31.000    31.000    31.000    31.000
                  -1    35.000    35.000    35.000    35.000
                -0.5    37.000    36.000    35.000    36.000
               -0.25    68.000    68.000    68.000    68.000
                   0   121.000   121.000   121.000   121.000

### grid 'branch0' (pygeoops.min_branch_length) -- median s_per_element across 5 cases
    min_branch_length       0.1      0.25      0.75         2
                  -2     0.011     0.011     0.008     0.008
                  -1     0.011     0.009     0.008     0.008
                -0.5     0.011     0.009     0.008     0.008
               -0.25     0.011     0.009     0.008     0.008
                   0     0.011     0.009     0.008     0.009

### grid 'simplify' (pygeoops.simplifytolerance) -- median iou across 5 cases
    simplifytolerance       0.1      0.25      0.75         2
               -0.25     0.828     0.816     0.826     0.816
                -0.1     0.916     0.918     0.911     0.901
               -0.05     0.940     0.942     0.938     0.916
               -0.02     0.957     0.956     0.945     0.920
                   0     0.960     0.958     0.946     0.920

### grid 'simplify' (pygeoops.simplifytolerance) -- median symdiff_frac across 5 cases
    simplifytolerance       0.1      0.25      0.75         2
               -0.25     0.177     0.188     0.179     0.191
                -0.1     0.085     0.083     0.090     0.104
               -0.05     0.060     0.058     0.063     0.087
               -0.02     0.044     0.045     0.055     0.083
                   0     0.041     0.042     0.054     0.082

### grid 'simplify' (pygeoops.simplifytolerance) -- median cx_edges across 5 cases
    simplifytolerance       0.1      0.25      0.75         2
               -0.25    37.000    37.000    37.000    37.000
                -0.1    37.000    37.000    37.000    37.000
               -0.05    37.000    37.000    37.000    37.000
               -0.02    37.000    37.000    37.000    37.000
                   0    37.000    37.000    37.000    37.000

### grid 'simplify' (pygeoops.simplifytolerance) -- median cx_terminals across 5 cases
    simplifytolerance       0.1      0.25      0.75         2
               -0.25    35.000    35.000    35.000    35.000
                -0.1    35.000    35.000    35.000    35.000
               -0.05    35.000    35.000    35.000    35.000
               -0.02    35.000    35.000    35.000    35.000
                   0    35.000    35.000    35.000    35.000

### grid 'simplify' (pygeoops.simplifytolerance) -- median s_per_element across 5 cases
    simplifytolerance       0.1      0.25      0.75         2
               -0.25     0.011     0.009     0.008     0.008
                -0.1     0.011     0.009     0.009     0.009
               -0.05     0.013     0.010     0.009     0.008
               -0.02     0.011     0.009     0.009     0.008
                   0     0.011     0.009     0.009     0.009

### grid 'extend' (pygeoops.extend) -- median iou across 5 cases
              extend       0.1      0.25      0.75         2
                   0     0.960     0.958     0.946     0.920
                   1     0.940     0.940     0.933     0.907

### grid 'extend' (pygeoops.extend) -- median symdiff_frac across 5 cases
              extend       0.1      0.25      0.75         2
                   0     0.041     0.042     0.054     0.082
                   1     0.063     0.063     0.070     0.096

### grid 'extend' (pygeoops.extend) -- median cx_edges across 5 cases
              extend       0.1      0.25      0.75         2
                   0    37.000    37.000    37.000    37.000
                   1    37.000    37.000    37.000    37.000

### grid 'extend' (pygeoops.extend) -- median cx_terminals across 5 cases
              extend       0.1      0.25      0.75         2
                   0    35.000    35.000    35.000    35.000
                   1    41.000    41.000    41.000    41.000

### grid 'extend' (pygeoops.extend) -- median s_per_element across 5 cases
              extend       0.1      0.25      0.75         2
                   0     0.013     0.011     0.009     0.008
                   1     0.012     0.010     0.009     0.009

### grid 'interp' (fitodic.interpolation_distance) -- median iou across 5 cases
    interpolation_distance       0.1      0.25      0.75         2
                0.25     0.923     0.910     0.913     0.906
                 0.5     0.952     0.937     0.927     0.922
                   1     0.969     0.963     0.940     0.928
                   2     0.968     0.968     0.957     0.937
                   4     0.968     0.967     0.958     0.938

### grid 'interp' (fitodic.interpolation_distance) -- median symdiff_frac across 5 cases
    interpolation_distance       0.1      0.25      0.75         2
                0.25     0.084     0.098     0.095     0.102
                 0.5     0.051     0.066     0.078     0.083
                   1     0.031     0.038     0.062     0.075
                   2     0.033     0.033     0.045     0.066
                   4     0.033     0.034     0.043     0.064

### grid 'interp' (fitodic.interpolation_distance) -- median cx_edges across 5 cases
    interpolation_distance       0.1      0.25      0.75         2
                0.25  3178.000  2318.000  1434.000   898.000
                 0.5  1840.000  1844.000  1370.000   866.000
                   1   836.000   902.000   984.000   770.000
                   2   203.000   335.000   534.000   486.000
                   4   169.000   169.000   169.000   248.000

### grid 'interp' (fitodic.interpolation_distance) -- median cx_terminals across 5 cases
    interpolation_distance       0.1      0.25      0.75         2
                0.25  1595.000  1165.000   723.000   455.000
                 0.5   938.000   928.000   691.000   439.000
                   1   475.000   469.000   499.000   391.000
                   2   119.000   224.000   285.000   261.000
                   4    94.000    93.000   104.000   142.000

### grid 'interp' (fitodic.interpolation_distance) -- median s_per_element across 5 cases
    interpolation_distance       0.1      0.25      0.75         2
                0.25     0.629     0.542     0.547     0.603
                 0.5     0.325     0.273     0.274     0.263
                   1     0.149     0.137     0.179     0.132
                   2     0.072     0.064     0.089     0.065
                   4     0.035     0.034     0.036     0.031
